===== ANALYST ling3 2026-08-07 18:40:46 UTC =====
[91m[1mError: [0m{
  "name": "UnknownError",
  "data": {
    "message": "Unexpected server error. Check server logs for details.",
    "ref": "err_15300ea1"
  }
}
===== ANALYST ling3 2026-08-07 18:55:12 UTC =====
[91m[1mError: [0m{
  "name": "UnknownError",
  "data": {
    "message": "Unexpected server error. Check server logs for details.",
    "ref": "err_4612aeda"
  }
}
===== ANALYST ling3 2026-08-07 19:15:11 UTC =====
[91m[1mError: [0m{
  "name": "UnknownError",
  "data": {
    "message": "Unexpected server error. Check server logs for details.",
    "ref": "err_b67c774c"
  }
}
===== ANALYST ling3 2026-08-07 20:10:17 UTC =====
[91m[1mError: [0m{
  "name": "UnknownError",
  "data": {
    "message": "Unexpected server error. Check server logs for details.",
    "ref": "err_72818e9c"
  }
}
===== ANALYST ling3 2026-08-07 20:57:04 UTC =====
[91m[1mError: [0m{
  "name": "UnknownError",
  "data": {
    "message": "Unexpected server error. Check server logs for details.",
    "ref": "err_2b08b76d"
  }
}
===== ANALYST ling3 2026-08-07 21:23:50 UTC =====
[91m[1mError: [0m{
  "name": "UnknownError",
  "data": {
    "message": "Unexpected server error. Check server logs for details.",
    "ref": "err_15a824ba"
  }
}
===== ANALYST ling3 2026-08-07 22:06:34 UTC =====
[91m[1mError: [0m{
  "name": "UnknownError",
  "data": {
    "message": "Unexpected server error. Check server logs for details.",
    "ref": "err_4c1172e8"
  }
}
===== ANALYST ling3 2026-08-07 22:43:53 UTC =====
[91m[1mError: [0m{
  "name": "UnknownError",
  "data": {
    "message": "Unexpected server error. Check server logs for details.",
    "ref": "err_60edf453"
  }
}
===== ANALYST ling3 2026-08-07 23:15:48 UTC =====
[91m[1mError: [0m{
  "name": "UnknownError",
  "data": {
    "message": "Unexpected server error. Check server logs for details.",
    "ref": "err_b4786790"
  }
}
===== ANALYST ling3 2026-08-07 23:47:08 UTC =====
[91m[1mError: [0m{
  "name": "UnknownError",
  "data": {
    "message": "Unexpected server error. Check server logs for details.",
    "ref": "err_b99e4947"
  }
}
===== ANALYST ling3 2026-08-08 00:15:46 UTC =====
[91m[1mError: [0m{
  "name": "UnknownError",
  "data": {
    "message": "Unexpected server error. Check server logs for details.",
    "ref": "err_3772461b"
  }
}
===== ANALYST ling3 2026-08-08 02:19:22 UTC =====
[91m[1mError: [0m{
  "name": "UnknownError",
  "data": {
    "message": "Unexpected server error. Check server logs for details.",
    "ref": "err_dbffa3f0"
  }
}
===== ANALYST ling3 2026-08-08 03:47:32 UTC =====
[91m[1mError: [0m{
  "name": "UnknownError",
  "data": {
    "message": "Unexpected server error. Check server logs for details.",
    "ref": "err_0b1ebe2c"
  }
}
===== ANALYST ling3 2026-08-08 04:43:47 UTC =====
[91m[1mError: [0m{
  "name": "UnknownError",
  "data": {
    "message": "Unexpected server error. Check server logs for details.",
    "ref": "err_33cd6e59"
  }
}
===== ANALYST ling3 2026-08-08 05:26:39 UTC =====
[91m[1mError: [0m{
  "name": "UnknownError",
  "data": {
    "message": "Unexpected server error. Check server logs for details.",
    "ref": "err_a7d584c0"
  }
}
